Fetching https://tabs.ultimate-guitar.com/tab/hillsong-united/oceans-where-feet-may-fail-chords-1174736...
node : Error: Request failed with status code 403
At line:1 char:1
+ node test-scraper.js > test-output.txt 2>&1
+ ~~~~~~~~~~~~~~~~~~~~~~~~~~~~~~~~~~~~~~~~~~~
    + CategoryInfo          : NotSpecified: (Error: Request ...status code 40 
   3:String) [], RemoteException
    + FullyQualifiedErrorId : NativeCommandError
 
Response Status: 403
Response Headers: Object [AxiosHeaders] {
  date: 'Fri, 22 May 2026 11:53:07 GMT',
  'content-type': 'text/html; charset=UTF-8',
  'transfer-encoding': 'chunked',
  connection: 'close',
  'accept-ch': 'Sec-CH-UA-Bitness, Sec-CH-UA-Arch, Sec-CH-UA-Full-Version, 
Sec-CH-UA-Mobile, Sec-CH-UA-Model, Sec-CH-UA-Platform-Version, 
Sec-CH-UA-Full-Version-List, Sec-CH-UA-Platform, Sec-CH-UA, UA-Bitness, 
UA-Arch, UA-Full-Version, UA-Mobile, UA-Model, UA-Platform-Version, 
UA-Platform, UA',
  'cf-mitigated': 'challenge',
  'content-security-policy': "default-src 'none'; script-src 
'nonce-Qj3FdHVwUFJ8x8qLITVzNE' 'unsafe-eval' 
https://challenges.cloudflare.com; script-src-attr 'none'; style-src 
'unsafe-inline'; img-src 'self' https://challenges.cloudflare.com; 
connect-src 'self' https://challenges.cloudflare.com; frame-src 'self' 
https://challenges.cloudflare.com blob:; child-src 'self' 
https://challenges.cloudflare.com blob:; worker-src blob:; form-action http: 
https:; base-uri 'self'",
  server: 'cloudflare',
  'critical-ch': 'Sec-CH-UA-Bitness, Sec-CH-UA-Arch, Sec-CH-UA-Full-Version, 
Sec-CH-UA-Mobile, Sec-CH-UA-Model, Sec-CH-UA-Platform-Version, 
Sec-CH-UA-Full-Version-List, Sec-CH-UA-Platform, Sec-CH-UA, UA-Bitness, 
UA-Arch, UA-Full-Version, UA-Mobile, UA-Model, UA-Platform-Version, 
UA-Platform, UA',
  'cross-origin-embedder-policy': 'require-corp',
  'cross-origin-opener-policy': 'same-origin',
  'cross-origin-resource-policy': 'same-origin',
  'origin-agent-cluster': '?1',
  'permissions-policy': 'accelerometer=(),browsing-topics=(),camera=(),clipboa
rd-read=(),clipboard-write=(),geolocation=(),gyroscope=(),hid=(),interest-coho
rt=(),magnetometer=(),microphone=(),payment=(),publickey-credentials-get=(),sc
reen-wake-lock=(),serial=(),sync-xhr=(),usb=(),xr-spatial-tracking=(self)',
  'referrer-policy': 'same-origin',
  'server-timing': 'chlray;desc="9ffb9e607a8e33d1"',
  'x-content-type-options': 'nosniff',
  'x-frame-options': 'SAMEORIGIN',
  'set-cookie': [
    '__cf_bm=HpSL2ziPLZ7lVLrm2JcnQv70wJAuGQ056ewaCJZMQ8E-1779450787.9174972-1.
0.1.1-P.4YzAVHf4vDSR4cotCax..t8xjXmidQgqK9eSJuBvkh5rsSHdJnXucdd.an2yHoFWuNYrq0
SH_h9DtT1PGu5SP7tJiopVxAbPWxsjieNlPHLe4EfeSFWr6DQtWoksUO; HttpOnly; 
SameSite=None; Secure; Path=/; Domain=ultimate-guitar.com; Expires=Fri, 22 
May 2026 12:23:07 GMT'
  ],
  'cf-ray': '9ffb9e607a8e33d1-SIN',
  'alt-svc': 'h3=":443"; ma=86400'
}
